// Jest Snapshot v1, https://goo.gl/fbAQLP

exports[`Home Page test Renders correctly 1`] = `
"<div class=\\"d-flex justify-content-center align-items-center p-2 h-100\\">
  <div class=\\"d-flex flex-column align-items-center\\">
    <choppalogoatom-stub css=\\"h1\\"></choppalogoatom-stub>
    <h1 class=\\"h4\\">Choppa's Home Page</h1>
    <div>
      <router-link-stub to=\\"/tribe/1/\\" tag=\\"a\\" ariacurrentvalue=\\"page\\" event=\\"click\\">View Tribe Page</router-link-stub> |
      <router-link-stub to=\\"/tribe/1/edit\\" tag=\\"a\\" ariacurrentvalue=\\"page\\" event=\\"click\\">Edit Tribe Page</router-link-stub> |
      <router-link-stub to=\\"/not-found-404-test\\" tag=\\"a\\" ariacurrentvalue=\\"page\\" event=\\"click\\">404</router-link-stub>
    </div>
  </div>
</div>"
`;
