// Jest Snapshot v1, https://goo.gl/fbAQLP

exports[`Not Found Page test Renders correctly 1`] = `
"<div class=\\"d-flex justify-content-center align-items-center p-2 h-100\\">
  <div class=\\"d-flex flex-column\\">
    <div class=\\"d-flex flex-row justify-content-center font-weight-bold mt-2\\">
      <choppalogoatom-stub css=\\"h1\\"></choppalogoatom-stub>
    </div>
    <div class=\\"d-flex flex-row\\">
      <h1 class=\\"h5 justify-content-center mt-2 mb-0\\">
        404 - You've taken the wrong flight!
      </h1>
    </div>
    <div class=\\"d-flex flex-row justify-content-center\\">
      <router-link-stub to=\\"/\\" tag=\\"a\\" ariacurrentvalue=\\"page\\" event=\\"click\\" class=\\"d-flex mt-1\\">
        Fly home
      </router-link-stub>
    </div>
  </div>
</div>"
`;
