// Jest Snapshot v1, https://goo.gl/fbAQLP

exports[`Profile Picture Atom test Renders correctly with fallback image 1`] = `
"<div class=\\"profile-picture my-css-class-test\\"><canvas width=\\"100\\" height=\\"100\\" class=\\"profile-picture__actual profile-picture__border\\" style=\\"display: none;\\"></canvas>
  <font-awesome-icon-stub icon=\\"user-alt\\" class=\\"profile-picture__default-picture profile-picture__border\\"></font-awesome-icon-stub>
</div>"
`;

exports[`Profile Picture Atom test Renders correctly with user's icon 1`] = `
"<div class=\\"profile-picture my-css-class-test\\"><canvas width=\\"100\\" height=\\"100\\" class=\\"profile-picture__actual profile-picture__border\\" style=\\"\\"></canvas>
  <font-awesome-icon-stub icon=\\"user-alt\\" class=\\"profile-picture__default-picture profile-picture__border\\" style=\\"display: none;\\"></font-awesome-icon-stub>
</div>"
`;
