// Jest Snapshot v1, https://goo.gl/fbAQLP

exports[`Tribe Organism test Renders correctly 1`] = `
"<div class=\\"tribe\\">
  <div class=\\"row ml-0 mr-0\\">
    <div class=\\"col\\">
      <div class=\\"tribe__header\\">
        <div class=\\"row m-0\\">
          <div class=\\"col tribe__header-name text-center p-0\\"><span class=\\"tribe__header--light\\">Tribe</span> Test Tribe
          </div>
        </div>
        <div class=\\"row m-0\\">
          <div class=\\"col tribe__header-underneath text-center p-0\\">
            2 Squads
            | 2 Distinct Members
            | <router-link-stub to=\\"/tribe/1/edit\\" tag=\\"a\\" ariacurrentvalue=\\"page\\" event=\\"click\\">Edit</router-link-stub>
          </div>
        </div>
      </div>
    </div>
  </div>
  <div class=\\"row mt-3 ml-0 mr-0\\">
    <div class=\\"col-lg-6 mb-3\\">
      <squadorganism-stub squad=\\"[object Object]\\"></squadorganism-stub>
    </div>
    <div class=\\"col-lg-6 mb-3\\">
      <squadorganism-stub squad=\\"[object Object]\\"></squadorganism-stub>
    </div>
  </div>
</div>"
`;
